dumb
(
a
:
float
)
:
bool
{
if
(
a
<
0
)
{
return
true
;
}
return
false
;
}
main
(
)
:
int
{
f
:
float
;
a
:
float
;
c
:
char
[
]
;
c2
:
char
;
i
:
int
;
f
=
2.156250
;
a
=
4
as
float
f
=
2.156250
;
c
=
fdsa
\"989
;
c2
=
"
;
if
(
foo
(
)
)
{
@
f
;
@
c
;
}
else
{
@
c2
;
@
a
;
}
f
=
0.223400
;
@
f
;
f
=
0.223400
;
@
f
;
return
0
;
}
