accepted

    FUNC< INT >  dumb_rec, PARAMS = {a INT}
    {
        INT b
        ASSIGN {
            SIMPLEVAR = b
            INT 4
        }
        RETEXP {
            SUM {
                CALL dumb_rec
                ARGS {
                    SUB {
                        SIMPLEVAR = b
                        SIMPLEVAR = a
                    }
                }

                MUL {
                    CALL dumb_rec
                    ARGS {
                        SUM {
                            SIMPLEVAR = b
                            SIMPLEVAR = a
                        }
                    }

                    CALL dumb_rec
                    ARGS {
                        MUL {
                            SIMPLEVAR = a
                            SIMPLEVAR = b
                        }
                    }

                }
            }
        }
    }
    FUNC<  >  main, PARAMS = {}
    {
        INT i
        ASSIGN {
            SIMPLEVAR = i
            INT 42
        }
        WHILE (
            GREATER OR EQUAL {
                SIMPLEVAR = i
                INT 7
            }
        )
        {
            PRINT {
                SIMPLEVAR = i
            }
            CALL dumb_rec
            ARGS {
                SUM {
                    SUM {
                        SIMPLEVAR = i
                        MUL {
                            INT 7
                            INT 13
                        }
                    }
                    INT 8
                }
            }

            ASSIGN {
                SIMPLEVAR = i
                SUM {
                    SIMPLEVAR = i
                    INT 1
                }
            }
        }
        RETEXP {
            CALL main
            ARGS {

            }

        }
    }